../Drivers/CMSIS/Include/core_cm7.h:2229:22:SCB_EnableICache	4	static,ignoring_inline_asm
../Drivers/CMSIS/Include/core_cm7.h:2281:22:SCB_EnableDCache	24	static,ignoring_inline_asm
../Core/Src/main.c:88:5:main	8	static
../Core/Src/main.c:156:6:SystemClock_Config	88	static
../Core/Src/main.c:210:6:MX_SDRAM_InitEx	16	static
../Core/Src/main.c:266:6:MPU_Config	24	static
../Core/Src/main.c:301:6:HAL_TIM_PeriodElapsedCallback	16	static
../Core/Src/main.c:318:6:Error_Handler	4	static,ignoring_inline_asm
